// Jest Snapshot v1, https://goo.gl/fbAQLP

exports[`renders PrintPage with votes 1`] = `
.c1 {
  display: -webkit-box;
  display: -webkit-flex;
  display: -ms-flexbox;
  display: flex;
  -webkit-flex-direction: column;
  -ms-flex-direction: column;
  flex-direction: column;
  overflow: auto;
}

.c2 {
  margin: auto 0;
}

.c3 {
  margin: auto;
  max-width: 66ch;
  text-align: center;
  line-height: 1.2;
}

.c3 h1 {
  margin: 2rem 0 1rem;
  line-height: 1.1;
  font-size: 1.5rem;
}

.c3 h2 {
  margin: 1.5rem 0 0.75rem;
  font-size: 1.25rem;
}

.c3 h3 {
  font-size: 1.17rem;
}

.c3 h4 {
  font-size: 1rem;
}

.c3 h5 {
  font-size: 0.9rem;
}

.c3 h3,
.c3 h4,
.c3 h5,
.c3 p {
  margin-top: 1rem;
  margin-bottom: 1rem;
}

.c3 h1 + h2 {
  margin-top: -0.75rem;
}

.c3 h1 + p,
.c3 h2 + p {
  margin-top: -0.75rem;
}

.c3 h3 + p,
.c3 h4 + p,
.c3 h5 + p {
  margin-top: -1rem;
}

.c3 > :first-child {
  margin-top: 0;
}

.c3 > :last-child {
  margin-bottom: 0;
}

.c3 dl {
  margin: 1rem 0;
}

.c4 {
  max-width: 66ch;
  line-height: 1.2;
}

.c4 h1 {
  margin: 2rem 0 1rem;
  line-height: 1.1;
  font-size: 1.5rem;
}

.c4 h2 {
  margin: 1.5rem 0 0.75rem;
  font-size: 1.25rem;
}

.c4 h3 {
  font-size: 1.17rem;
}

.c4 h4 {
  font-size: 1rem;
}

.c4 h5 {
  font-size: 0.9rem;
}

.c4 h3,
.c4 h4,
.c4 h5,
.c4 p {
  margin-top: 1rem;
  margin-bottom: 1rem;
}

.c4 h1 + h2 {
  margin-top: -0.75rem;
}

.c4 h1 + p,
.c4 h2 + p {
  margin-top: -0.75rem;
}

.c4 h3 + p,
.c4 h4 + p,
.c4 h5 + p {
  margin-top: -1rem;
}

.c4 > :first-child {
  margin-top: 0;
}

.c4 > :last-child {
  margin-bottom: 0;
}

.c4 dl {
  margin: 1rem 0;
}

.c5 {
  margin-left: -1em;
  text-align: center;
  white-space: nowrap;
}

.c5::before,
.c5::after {
  display: inline-block;
  width: 0;
  overflow: hidden;
  vertical-align: bottom;
  text-align: left;
  content: '…';
  -webkit-animation: loadingEllipsis steps(4,end) 2s infinite;
  animation: loadingEllipsis steps(4,end) 2s infinite;
}

.c5::before {
  color: transparent;
}

.c0 {
  display: -webkit-box;
  display: -webkit-flex;
  display: -ms-flexbox;
  display: flex;
  -webkit-flex-direction: row;
  -ms-flex-direction: row;
  flex-direction: row;
  height: 100%;
}

.c0 > nav {
  -webkit-flex: 1;
  -ms-flex: 1;
  flex: 1;
}

.c0 > main {
  -webkit-flex: 2;
  -ms-flex: 2;
  flex: 2;
}

@media print {
  .c1 {
    display: none;
  }
}

@media print {
  .c2 {
    margin: 0;
    max-width: 100%;
  }
}

@media (min-width:480px) {
  .c3 {
    line-height: 1.3;
  }
}

@media (min-width:480px) {
  .c4 {
    line-height: 1.3;
  }
}

@media print {
  .c0 {
    display: block;
  }
}

<div
  class="c0"
>
  <main
    class="c1"
  >
    <div
      class="c2"
    >
      <div
        class="c3"
        id="audiofocus"
      >
        <h1
          aria-label="Printing Official Ballot."
        >
          <div
            class="c4"
          >
            <h1
              aria-label="Printing Official Ballot."
              class="c5"
            >
              Printing Official Ballot
            </h1>
          </div>
        </h1>
      </div>
    </div>
  </main>
</div>
`;

exports[`renders PrintPage without votes 1`] = `
.c1 {
  display: -webkit-box;
  display: -webkit-flex;
  display: -ms-flexbox;
  display: flex;
  -webkit-flex-direction: column;
  -ms-flex-direction: column;
  flex-direction: column;
  overflow: auto;
}

.c2 {
  margin: auto 0;
}

.c3 {
  margin: auto;
  max-width: 66ch;
  text-align: center;
  line-height: 1.2;
}

.c3 h1 {
  margin: 2rem 0 1rem;
  line-height: 1.1;
  font-size: 1.5rem;
}

.c3 h2 {
  margin: 1.5rem 0 0.75rem;
  font-size: 1.25rem;
}

.c3 h3 {
  font-size: 1.17rem;
}

.c3 h4 {
  font-size: 1rem;
}

.c3 h5 {
  font-size: 0.9rem;
}

.c3 h3,
.c3 h4,
.c3 h5,
.c3 p {
  margin-top: 1rem;
  margin-bottom: 1rem;
}

.c3 h1 + h2 {
  margin-top: -0.75rem;
}

.c3 h1 + p,
.c3 h2 + p {
  margin-top: -0.75rem;
}

.c3 h3 + p,
.c3 h4 + p,
.c3 h5 + p {
  margin-top: -1rem;
}

.c3 > :first-child {
  margin-top: 0;
}

.c3 > :last-child {
  margin-bottom: 0;
}

.c3 dl {
  margin: 1rem 0;
}

.c4 {
  max-width: 66ch;
  line-height: 1.2;
}

.c4 h1 {
  margin: 2rem 0 1rem;
  line-height: 1.1;
  font-size: 1.5rem;
}

.c4 h2 {
  margin: 1.5rem 0 0.75rem;
  font-size: 1.25rem;
}

.c4 h3 {
  font-size: 1.17rem;
}

.c4 h4 {
  font-size: 1rem;
}

.c4 h5 {
  font-size: 0.9rem;
}

.c4 h3,
.c4 h4,
.c4 h5,
.c4 p {
  margin-top: 1rem;
  margin-bottom: 1rem;
}

.c4 h1 + h2 {
  margin-top: -0.75rem;
}

.c4 h1 + p,
.c4 h2 + p {
  margin-top: -0.75rem;
}

.c4 h3 + p,
.c4 h4 + p,
.c4 h5 + p {
  margin-top: -1rem;
}

.c4 > :first-child {
  margin-top: 0;
}

.c4 > :last-child {
  margin-bottom: 0;
}

.c4 dl {
  margin: 1rem 0;
}

.c5 {
  margin-left: -1em;
  text-align: center;
  white-space: nowrap;
}

.c5::before,
.c5::after {
  display: inline-block;
  width: 0;
  overflow: hidden;
  vertical-align: bottom;
  text-align: left;
  content: '…';
  -webkit-animation: loadingEllipsis steps(4,end) 2s infinite;
  animation: loadingEllipsis steps(4,end) 2s infinite;
}

.c5::before {
  color: transparent;
}

.c0 {
  display: -webkit-box;
  display: -webkit-flex;
  display: -ms-flexbox;
  display: flex;
  -webkit-flex-direction: row;
  -ms-flex-direction: row;
  flex-direction: row;
  height: 100%;
}

.c0 > nav {
  -webkit-flex: 1;
  -ms-flex: 1;
  flex: 1;
}

.c0 > main {
  -webkit-flex: 2;
  -ms-flex: 2;
  flex: 2;
}

@media print {
  .c1 {
    display: none;
  }
}

@media print {
  .c2 {
    margin: 0;
    max-width: 100%;
  }
}

@media (min-width:480px) {
  .c3 {
    line-height: 1.3;
  }
}

@media (min-width:480px) {
  .c4 {
    line-height: 1.3;
  }
}

@media print {
  .c0 {
    display: block;
  }
}

<div
  class="c0"
>
  <main
    class="c1"
  >
    <div
      class="c2"
    >
      <div
        class="c3"
        id="audiofocus"
      >
        <h1
          aria-label="Printing Official Ballot."
        >
          <div
            class="c4"
          >
            <h1
              aria-label="Printing Official Ballot."
              class="c5"
            >
              Printing Official Ballot
            </h1>
          </div>
        </h1>
      </div>
    </div>
  </main>
</div>
`;

exports[`renders PrintPage without votes and inline seal 1`] = `
.c1 {
  display: -webkit-box;
  display: -webkit-flex;
  display: -ms-flexbox;
  display: flex;
  -webkit-flex-direction: column;
  -ms-flex-direction: column;
  flex-direction: column;
  overflow: auto;
}

.c2 {
  margin: auto 0;
}

.c3 {
  margin: auto;
  max-width: 66ch;
  text-align: center;
  line-height: 1.2;
}

.c3 h1 {
  margin: 2rem 0 1rem;
  line-height: 1.1;
  font-size: 1.5rem;
}

.c3 h2 {
  margin: 1.5rem 0 0.75rem;
  font-size: 1.25rem;
}

.c3 h3 {
  font-size: 1.17rem;
}

.c3 h4 {
  font-size: 1rem;
}

.c3 h5 {
  font-size: 0.9rem;
}

.c3 h3,
.c3 h4,
.c3 h5,
.c3 p {
  margin-top: 1rem;
  margin-bottom: 1rem;
}

.c3 h1 + h2 {
  margin-top: -0.75rem;
}

.c3 h1 + p,
.c3 h2 + p {
  margin-top: -0.75rem;
}

.c3 h3 + p,
.c3 h4 + p,
.c3 h5 + p {
  margin-top: -1rem;
}

.c3 > :first-child {
  margin-top: 0;
}

.c3 > :last-child {
  margin-bottom: 0;
}

.c3 dl {
  margin: 1rem 0;
}

.c4 {
  max-width: 66ch;
  line-height: 1.2;
}

.c4 h1 {
  margin: 2rem 0 1rem;
  line-height: 1.1;
  font-size: 1.5rem;
}

.c4 h2 {
  margin: 1.5rem 0 0.75rem;
  font-size: 1.25rem;
}

.c4 h3 {
  font-size: 1.17rem;
}

.c4 h4 {
  font-size: 1rem;
}

.c4 h5 {
  font-size: 0.9rem;
}

.c4 h3,
.c4 h4,
.c4 h5,
.c4 p {
  margin-top: 1rem;
  margin-bottom: 1rem;
}

.c4 h1 + h2 {
  margin-top: -0.75rem;
}

.c4 h1 + p,
.c4 h2 + p {
  margin-top: -0.75rem;
}

.c4 h3 + p,
.c4 h4 + p,
.c4 h5 + p {
  margin-top: -1rem;
}

.c4 > :first-child {
  margin-top: 0;
}

.c4 > :last-child {
  margin-bottom: 0;
}

.c4 dl {
  margin: 1rem 0;
}

.c5 {
  margin-left: -1em;
  text-align: center;
  white-space: nowrap;
}

.c5::before,
.c5::after {
  display: inline-block;
  width: 0;
  overflow: hidden;
  vertical-align: bottom;
  text-align: left;
  content: '…';
  -webkit-animation: loadingEllipsis steps(4,end) 2s infinite;
  animation: loadingEllipsis steps(4,end) 2s infinite;
}

.c5::before {
  color: transparent;
}

.c0 {
  display: -webkit-box;
  display: -webkit-flex;
  display: -ms-flexbox;
  display: flex;
  -webkit-flex-direction: row;
  -ms-flex-direction: row;
  flex-direction: row;
  height: 100%;
}

.c0 > nav {
  -webkit-flex: 1;
  -ms-flex: 1;
  flex: 1;
}

.c0 > main {
  -webkit-flex: 2;
  -ms-flex: 2;
  flex: 2;
}

@media print {
  .c1 {
    display: none;
  }
}

@media print {
  .c2 {
    margin: 0;
    max-width: 100%;
  }
}

@media (min-width:480px) {
  .c3 {
    line-height: 1.3;
  }
}

@media (min-width:480px) {
  .c4 {
    line-height: 1.3;
  }
}

@media print {
  .c0 {
    display: block;
  }
}

<div
  class="c0"
>
  <main
    class="c1"
  >
    <div
      class="c2"
    >
      <div
        class="c3"
        id="audiofocus"
      >
        <h1
          aria-label="Printing Official Ballot."
        >
          <div
            class="c4"
          >
            <h1
              aria-label="Printing Official Ballot."
              class="c5"
            >
              Printing Official Ballot
            </h1>
          </div>
        </h1>
      </div>
    </div>
  </main>
</div>
`;

exports[`renders PrintPage without votes and no seal 1`] = `
.c1 {
  display: -webkit-box;
  display: -webkit-flex;
  display: -ms-flexbox;
  display: flex;
  -webkit-flex-direction: column;
  -ms-flex-direction: column;
  flex-direction: column;
  overflow: auto;
}

.c2 {
  margin: auto 0;
}

.c3 {
  margin: auto;
  max-width: 66ch;
  text-align: center;
  line-height: 1.2;
}

.c3 h1 {
  margin: 2rem 0 1rem;
  line-height: 1.1;
  font-size: 1.5rem;
}

.c3 h2 {
  margin: 1.5rem 0 0.75rem;
  font-size: 1.25rem;
}

.c3 h3 {
  font-size: 1.17rem;
}

.c3 h4 {
  font-size: 1rem;
}

.c3 h5 {
  font-size: 0.9rem;
}

.c3 h3,
.c3 h4,
.c3 h5,
.c3 p {
  margin-top: 1rem;
  margin-bottom: 1rem;
}

.c3 h1 + h2 {
  margin-top: -0.75rem;
}

.c3 h1 + p,
.c3 h2 + p {
  margin-top: -0.75rem;
}

.c3 h3 + p,
.c3 h4 + p,
.c3 h5 + p {
  margin-top: -1rem;
}

.c3 > :first-child {
  margin-top: 0;
}

.c3 > :last-child {
  margin-bottom: 0;
}

.c3 dl {
  margin: 1rem 0;
}

.c4 {
  max-width: 66ch;
  line-height: 1.2;
}

.c4 h1 {
  margin: 2rem 0 1rem;
  line-height: 1.1;
  font-size: 1.5rem;
}

.c4 h2 {
  margin: 1.5rem 0 0.75rem;
  font-size: 1.25rem;
}

.c4 h3 {
  font-size: 1.17rem;
}

.c4 h4 {
  font-size: 1rem;
}

.c4 h5 {
  font-size: 0.9rem;
}

.c4 h3,
.c4 h4,
.c4 h5,
.c4 p {
  margin-top: 1rem;
  margin-bottom: 1rem;
}

.c4 h1 + h2 {
  margin-top: -0.75rem;
}

.c4 h1 + p,
.c4 h2 + p {
  margin-top: -0.75rem;
}

.c4 h3 + p,
.c4 h4 + p,
.c4 h5 + p {
  margin-top: -1rem;
}

.c4 > :first-child {
  margin-top: 0;
}

.c4 > :last-child {
  margin-bottom: 0;
}

.c4 dl {
  margin: 1rem 0;
}

.c5 {
  margin-left: -1em;
  text-align: center;
  white-space: nowrap;
}

.c5::before,
.c5::after {
  display: inline-block;
  width: 0;
  overflow: hidden;
  vertical-align: bottom;
  text-align: left;
  content: '…';
  -webkit-animation: loadingEllipsis steps(4,end) 2s infinite;
  animation: loadingEllipsis steps(4,end) 2s infinite;
}

.c5::before {
  color: transparent;
}

.c0 {
  display: -webkit-box;
  display: -webkit-flex;
  display: -ms-flexbox;
  display: flex;
  -webkit-flex-direction: row;
  -ms-flex-direction: row;
  flex-direction: row;
  height: 100%;
}

.c0 > nav {
  -webkit-flex: 1;
  -ms-flex: 1;
  flex: 1;
}

.c0 > main {
  -webkit-flex: 2;
  -ms-flex: 2;
  flex: 2;
}

@media print {
  .c1 {
    display: none;
  }
}

@media print {
  .c2 {
    margin: 0;
    max-width: 100%;
  }
}

@media (min-width:480px) {
  .c3 {
    line-height: 1.3;
  }
}

@media (min-width:480px) {
  .c4 {
    line-height: 1.3;
  }
}

@media print {
  .c0 {
    display: block;
  }
}

<div
  class="c0"
>
  <main
    class="c1"
  >
    <div
      class="c2"
    >
      <div
        class="c3"
        id="audiofocus"
      >
        <h1
          aria-label="Printing Official Ballot."
        >
          <div
            class="c4"
          >
            <h1
              aria-label="Printing Official Ballot."
              class="c5"
            >
              Printing Official Ballot
            </h1>
          </div>
        </h1>
      </div>
    </div>
  </main>
</div>
`;
