// Jest Snapshot v1, https://goo.gl/fbAQLP

exports[`renders Screen 1`] = `
.c0:focus {
  outline: none;
}

@media screen {
  .c0 {
    display: -webkit-box;
    display: -webkit-flex;
    display: -ms-flexbox;
    display: flex;
    -webkit-flex-direction: column;
    -ms-flex-direction: column;
    flex-direction: column;
    height: 100%;
  }
}

<div
  class="c0"
  tabindex="-1"
>
  foo
</div>
`;
